
> anport@0.0.0 test:ci
> vitest run


[1m[7m[36m RUN [39m[27m[22m [36mv2.1.9 [39m[90mC:/Users/gabriela/Documents/projetoKamban[39m

 [32mÔ£ô[39m tests/unit/PhotoAuditService.test.ts [2m([22m[2m11 tests[22m[2m)[22m[90m 37[2mms[22m[39m
[90mstdout[2m | tests/unit/TicketCard.test.tsx[2m > [22m[2mTicketCard[2m > [22m[2mcalls onEdit when edit button clicked
[22m[39mClicou em EDITAR

 [32mÔ£ô[39m tests/unit/NewTaskModalV2.test.tsx [2m([22m[2m15 tests[22m[2m)[22m[33m 303[2mms[22m[39m
 [32mÔ£ô[39m tests/unit/KanbanBoardV2.test.tsx [2m([22m[2m14 tests[22m[2m)[22m[33m 306[2mms[22m[39m
 [32mÔ£ô[39m tests/unit/TicketCard.test.tsx [2m([22m[2m11 tests[22m[2m)[22m[33m 358[2mms[22m[39m
 [32mÔ£ô[39m tests/unit/Login.test.tsx [2m([22m[2m10 tests[22m[2m)[22m[33m 432[2mms[22m[39m
 [32mÔ£ô[39m tests/unit/SupportDashboard.test.tsx [2m([22m[2m5 tests[22m[2m)[22m[33m 451[2mms[22m[39m
 [32mÔ£ô[39m tests/unit/SupportTicketModal.test.tsx [2m([22m[2m9 tests[22m[2m)[22m[33m 452[2mms[22m[39m
 [32mÔ£ô[39m tests/unit/SuperAdminDashboard.test.tsx [2m([22m[2m5 tests[22m[2m)[22m[33m 445[2mms[22m[39m
 [32mÔ£ô[39m tests/unit/DevSupportManagement.test.tsx [2m([22m[2m7 tests[22m[2m)[22m[33m 581[2mms[22m[39m
node.exe : [90mstderr[2m | tests/unit/App.test.tsx[2m > [22m[2mApp[2m > [22m[2mrenders superadmin dashboard for dev role
No linha:1 caractere:1
+ & "D:\/node.exe" "D:\/node_modules/npm/bin/npm-cli.js" run test:ci
+ ~~~~~~~~~~~~~~~~~~~~~~~~~~~~~~~~~~~~~~~~~~~~~~~~~~~~~~~~~~~~~~~~~~
    + CategoryInfo          : NotSpecified: ([90mstderr[2m...rd for dev role:String) [], RemoteException
    + FullyQualifiedErrorId : NativeCommandError
 
[22m[39mErro ao buscar usu├írio: Error: [vitest] No "getDoc" export is defined on the "firebase/firestore" mock. Did you forget to return it from "vi.mock"?
If you need to partially mock a module, you can use "importOriginal" helper inside:

    at VitestMocker.createError [90m(file:///C:/Users/gabriela/Documents/projetoKamban/[39mnode_modules/[4mvitest[24m/dist/chunks/execute.2pr0rHgK.js:321:19[90m)[39m
    at Object.get [90m(file:///C:/Users/gabriela/Documents/projetoKamban/[39mnode_modules/[4mvitest[24m/dist/chunks/execute.2pr0rHgK.js:389:22[90m)[39m
    at AuthorizationService.getUser [90m(C:\Users\gabriela\Documents\projetoKamban\[39mservices\AuthorizationService.ts:460:29[90m)[39m
    at AuthorizationService.getUserPermissions [90m(C:\Users\gabriela\Documents\projetoKamban\[39mservices\AuthorizationService.ts:25:29[90m)[39m
    at loadPermissions [90m(C:\Users\gabriela\Documents\projetoKamban\[39mApp.tsx:115:50[90m)[39m
    at [90mC:\Users\gabriela\Documents\projetoKamban\[39mApp.tsx:128:5
    at Object.react_stack_bottom_frame [90m(C:\Users\gabriela\Documents\projetoKamban\[39mnode_modules\[4mreact-dom[24m\cjs\react-dom-client.development.js:25989:20[90m)[39m
    at runWithFiberInDEV [90m(C:\Users\gabriela\Documents\projetoKamban\[39mnode_modules\[4mreact-dom[24m\cjs\react-dom-client.development.js:874:13[90m)[39m
    at commitHookEffectListMount [90m(C:\Users\gabriela\Documents\projetoKamban\[39mnode_modules\[4mreact-dom[24m\cjs\react-dom-client.development.js:13249:29[90m)[39m
    at commitHookPassiveMountEffects [90m(C:\Users\gabriela\Documents\projetoKamban\[39mnode_modules\[4mreact-dom[24m\cjs\react-dom-client.development.js:13336:11[90m)[39m {
  codeFrame: [32m'vi\x1B[33m.\x1B[39m\x1B[34mmock\x1B[39m(\x1B[35mimport\x1B[39m(\x1B[32m"firebase/firestore"\x1B[39m)\x1B[33m,\x1B[39m \x1B[35masync\x1B[39m (importOriginal) \x1B[33m=>\x1B[39m 
{\n'[39m +
    [32m'  \x1B[35mconst\x1B[39m actual \x1B[33m=\x1B[39m \x1B[35mawait\x1B[39m \x1B[34mimportOriginal\x1B[39m()\n'[39m +
    [32m'  \x1B[35mreturn\x1B[39m {\n'[39m +
    [32m'    \x1B[33m...\x1B[39mactual\x1B[33m,\x1B[39m\n'[39m +
    [32m'    \x1B[90m// your mocked methods\x1B[39m\n'[39m +
    [32m'  }\n'[39m +
    [32m'})'[39m
}
Erro ao buscar usu├írio: Error: [vitest] No "getDoc" export is defined on the "firebase/firestore" mock. Did you forget to return it from "vi.mock"?
If you need to partially mock a module, you can use "importOriginal" helper inside:

    at VitestMocker.createError [90m(file:///C:/Users/gabriela/Documents/projetoKamban/[39mnode_modules/[4mvitest[24m/dist/chunks/execute.2pr0rHgK.js:321:19[90m)[39m
    at Object.get [90m(file:///C:/Users/gabriela/Documents/projetoKamban/[39mnode_modules/[4mvitest[24m/dist/chunks/execute.2pr0rHgK.js:389:22[90m)[39m
    at HierarchyService.getUser [90m(C:\Users\gabriela\Documents\projetoKamban\[39mservices\HierarchyService.ts:374:29[90m)[39m
    at HierarchyService.calculateHierarchyPath [90m(C:\Users\gabriela\Documents\projetoKamban\[39mservices\HierarchyService.ts:28:29[90m)[39m
    at loadPermissions [90m(C:\Users\gabriela\Documents\projetoKamban\[39mApp.tsx:119:50[90m)[39m
[90m    at processTicksAndRejections (node:internal/process/task_queues:103:5)[39m {
  codeFrame: [32m'vi\x1B[33m.\x1B[39m\x1B[34mmock\x1B[39m(\x1B[35mimport\x1B[39m(\x1B[32m"firebase/firestore"\x1B[39m)\x1B[33m,\x1B[39m \x1B[35masync\x1B[39m (importOriginal) \x1B[33m=>\x1B[39m 
{\n'[39m +
    [32m'  \x1B[35mconst\x1B[39m actual \x1B[33m=\x1B[39m \x1B[35mawait\x1B[39m \x1B[34mimportOriginal\x1B[39m()\n'[39m +
    [32m'  \x1B[35mreturn\x1B[39m {\n'[39m +
    [32m'    \x1B[33m...\x1B[39mactual\x1B[33m,\x1B[39m\n'[39m +
    [32m'    \x1B[90m// your mocked methods\x1B[39m\n'[39m +
    [32m'  }\n'[39m +
    [32m'})'[39m
}
Erro ao carregar permiss├Áes: Error: Usu├írio n├úo encontrado
    at HierarchyService.calculateHierarchyPath [90m(C:\Users\gabriela\Documents\projetoKamban\[39mservices\HierarchyService.ts:29:22[90m)[39m
[90m    at processTicksAndRejections (node:internal/process/task_queues:103:5)[39m
    at loadPermissions [90m(C:\Users\gabriela\Documents\projetoKamban\[39mApp.tsx:119:27[90m)[39m

[90mstderr[2m | tests/unit/App.test.tsx[2m > [22m[2mApp[2m > [22m[2mlogs out and returns to login
[22m[39mErro ao buscar usu├írio: Error: [vitest] No "getDoc" export is defined on the "firebase/firestore" mock. Did you forget to return it from "vi.mock"?
If you need to partially mock a module, you can use "importOriginal" helper inside:

    at VitestMocker.createError [90m(file:///C:/Users/gabriela/Documents/projetoKamban/[39mnode_modules/[4mvitest[24m/dist/chunks/execute.2pr0rHgK.js:321:19[90m)[39m
    at Object.get [90m(file:///C:/Users/gabriela/Documents/projetoKamban/[39mnode_modules/[4mvitest[24m/dist/chunks/execute.2pr0rHgK.js:389:22[90m)[39m
    at AuthorizationService.getUser [90m(C:\Users\gabriela\Documents\projetoKamban\[39mservices\AuthorizationService.ts:460:29[90m)[39m
    at AuthorizationService.getUserPermissions [90m(C:\Users\gabriela\Documents\projetoKamban\[39mservices\AuthorizationService.ts:25:29[90m)[39m
    at loadPermissions [90m(C:\Users\gabriela\Documents\projetoKamban\[39mApp.tsx:115:50[90m)[39m
    at [90mC:\Users\gabriela\Documents\projetoKamban\[39mApp.tsx:128:5
    at Object.react_stack_bottom_frame [90m(C:\Users\gabriela\Documents\projetoKamban\[39mnode_modules\[4mreact-dom[24m\cjs\react-dom-client.development.js:25989:20[90m)[39m
    at runWithFiberInDEV [90m(C:\Users\gabriela\Documents\projetoKamban\[39mnode_modules\[4mreact-dom[24m\cjs\react-dom-client.development.js:874:13[90m)[39m
    at commitHookEffectListMount [90m(C:\Users\gabriela\Documents\projetoKamban\[39mnode_modules\[4mreact-dom[24m\cjs\react-dom-client.development.js:13249:29[90m)[39m
    at commitHookPassiveMountEffects [90m(C:\Users\gabriela\Documents\projetoKamban\[39mnode_modules\[4mreact-dom[24m\cjs\react-dom-client.development.js:13336:11[90m)[39m {
  codeFrame: [32m'vi\x1B[33m.\x1B[39m\x1B[34mmock\x1B[39m(\x1B[35mimport\x1B[39m(\x1B[32m"firebase/firestore"\x1B[39m)\x1B[33m,\x1B[39m \x1B[35masync\x1B[39m (importOriginal) \x1B[33m=>\x1B[39m 
{\n'[39m +
    [32m'  \x1B[35mconst\x1B[39m actual \x1B[33m=\x1B[39m \x1B[35mawait\x1B[39m \x1B[34mimportOriginal\x1B[39m()\n'[39m +
    [32m'  \x1B[35mreturn\x1B[39m {\n'[39m +
    [32m'    \x1B[33m...\x1B[39mactual\x1B[33m,\x1B[39m\n'[39m +
    [32m'    \x1B[90m// your mocked methods\x1B[39m\n'[39m +
    [32m'  }\n'[39m +
    [32m'})'[39m
}
Erro ao buscar usu├írio: Error: [vitest] No "getDoc" export is defined on the "firebase/firestore" mock. Did you forget to return it from "vi.mock"?
If you need to partially mock a module, you can use "importOriginal" helper inside:

    at VitestMocker.createError [90m(file:///C:/Users/gabriela/Documents/projetoKamban/[39mnode_modules/[4mvitest[24m/dist/chunks/execute.2pr0rHgK.js:321:19[90m)[39m
    at Object.get [90m(file:///C:/Users/gabriela/Documents/projetoKamban/[39mnode_modules/[4mvitest[24m/dist/chunks/execute.2pr0rHgK.js:389:22[90m)[39m
    at HierarchyService.getUser [90m(C:\Users\gabriela\Documents\projetoKamban\[39mservices\HierarchyService.ts:374:29[90m)[39m
    at HierarchyService.calculateHierarchyPath [90m(C:\Users\gabriela\Documents\projetoKamban\[39mservices\HierarchyService.ts:28:29[90m)[39m
    at loadPermissions [90m(C:\Users\gabriela\Documents\projetoKamban\[39mApp.tsx:119:50[90m)[39m
[90m    at processTicksAndRejections (node:internal/process/task_queues:103:5)[39m {
  codeFrame: [32m'vi\x1B[33m.\x1B[39m\x1B[34mmock\x1B[39m(\x1B[35mimport\x1B[39m(\x1B[32m"firebase/firestore"\x1B[39m)\x1B[33m,\x1B[39m \x1B[35masync\x1B[39m (importOriginal) \x1B[33m=>\x1B[39m 
{\n'[39m +
    [32m'  \x1B[35mconst\x1B[39m actual \x1B[33m=\x1B[39m \x1B[35mawait\x1B[39m \x1B[34mimportOriginal\x1B[39m()\n'[39m +
    [32m'  \x1B[35mreturn\x1B[39m {\n'[39m +
    [32m'    \x1B[33m...\x1B[39mactual\x1B[33m,\x1B[39m\n'[39m +
    [32m'    \x1B[90m// your mocked methods\x1B[39m\n'[39m +
    [32m'  }\n'[39m +
    [32m'})'[39m
}
Erro ao carregar permiss├Áes: Error: Usu├írio n├úo encontrado
    at HierarchyService.calculateHierarchyPath [90m(C:\Users\gabriela\Documents\projetoKamban\[39mservices\HierarchyService.ts:29:22[90m)[39m
[90m    at processTicksAndRejections (node:internal/process/task_queues:103:5)[39m
    at loadPermissions [90m(C:\Users\gabriela\Documents\projetoKamban\[39mApp.tsx:119:27[90m)[39m

[90mstderr[2m | tests/unit/App.test.tsx[2m > [22m[2mApp[2m > [22m[2mclears cache on force refresh
[22m[39mErro ao buscar usu├írio: Error: [vitest] No "getDoc" export is defined on the "firebase/firestore" mock. Did you forget to return it from "vi.mock"?
If you need to partially mock a module, you can use "importOriginal" helper inside:

    at VitestMocker.createError [90m(file:///C:/Users/gabriela/Documents/projetoKamban/[39mnode_modules/[4mvitest[24m/dist/chunks/execute.2pr0rHgK.js:321:19[90m)[39m
    at Object.get [90m(file:///C:/Users/gabriela/Documents/projetoKamban/[39mnode_modules/[4mvitest[24m/dist/chunks/execute.2pr0rHgK.js:389:22[90m)[39m
    at AuthorizationService.getUser [90m(C:\Users\gabriela\Documents\projetoKamban\[39mservices\AuthorizationService.ts:460:29[90m)[39m
    at AuthorizationService.getUserPermissions [90m(C:\Users\gabriela\Documents\projetoKamban\[39mservices\AuthorizationService.ts:25:29[90m)[39m
    at loadPermissions [90m(C:\Users\gabriela\Documents\projetoKamban\[39mApp.tsx:115:50[90m)[39m
    at [90mC:\Users\gabriela\Documents\projetoKamban\[39mApp.tsx:128:5
    at Object.react_stack_bottom_frame [90m(C:\Users\gabriela\Documents\projetoKamban\[39mnode_modules\[4mreact-dom[24m\cjs\react-dom-client.development.js:25989:20[90m)[39m
    at runWithFiberInDEV [90m(C:\Users\gabriela\Documents\projetoKamban\[39mnode_modules\[4mreact-dom[24m\cjs\react-dom-client.development.js:874:13[90m)[39m
    at commitHookEffectListMount [90m(C:\Users\gabriela\Documents\projetoKamban\[39mnode_modules\[4mreact-dom[24m\cjs\react-dom-client.development.js:13249:29[90m)[39m
    at commitHookPassiveMountEffects [90m(C:\Users\gabriela\Documents\projetoKamban\[39mnode_modules\[4mreact-dom[24m\cjs\react-dom-client.development.js:13336:11[90m)[39m {
  codeFrame: [32m'vi\x1B[33m.\x1B[39m\x1B[34mmock\x1B[39m(\x1B[35mimport\x1B[39m(\x1B[32m"firebase/firestore"\x1B[39m)\x1B[33m,\x1B[39m \x1B[35masync\x1B[39m (importOriginal) \x1B[33m=>\x1B[39m 
{\n'[39m +
    [32m'  \x1B[35mconst\x1B[39m actual \x1B[33m=\x1B[39m \x1B[35mawait\x1B[39m \x1B[34mimportOriginal\x1B[39m()\n'[39m +
    [32m'  \x1B[35mreturn\x1B[39m {\n'[39m +
    [32m'    \x1B[33m...\x1B[39mactual\x1B[33m,\x1B[39m\n'[39m +
    [32m'    \x1B[90m// your mocked methods\x1B[39m\n'[39m +
    [32m'  }\n'[39m +
    [32m'})'[39m
}
Erro ao buscar usu├írio: Error: [vitest] No "getDoc" export is defined on the "firebase/firestore" mock. Did you forget to return it from "vi.mock"?
If you need to partially mock a module, you can use "importOriginal" helper inside:

    at VitestMocker.createError [90m(file:///C:/Users/gabriela/Documents/projetoKamban/[39mnode_modules/[4mvitest[24m/dist/chunks/execute.2pr0rHgK.js:321:19[90m)[39m
    at Object.get [90m(file:///C:/Users/gabriela/Documents/projetoKamban/[39mnode_modules/[4mvitest[24m/dist/chunks/execute.2pr0rHgK.js:389:22[90m)[39m
    at HierarchyService.getUser [90m(C:\Users\gabriela\Documents\projetoKamban\[39mservices\HierarchyService.ts:374:29[90m)[39m
    at HierarchyService.calculateHierarchyPath [90m(C:\Users\gabriela\Documents\projetoKamban\[39mservices\HierarchyService.ts:28:29[90m)[39m
    at loadPermissions [90m(C:\Users\gabriela\Documents\projetoKamban\[39mApp.tsx:119:50[90m)[39m
[90m    at processTicksAndRejections (node:internal/process/task_queues:103:5)[39m {
  codeFrame: [32m'vi\x1B[33m.\x1B[39m\x1B[34mmock\x1B[39m(\x1B[35mimport\x1B[39m(\x1B[32m"firebase/firestore"\x1B[39m)\x1B[33m,\x1B[39m \x1B[35masync\x1B[39m (importOriginal) \x1B[33m=>\x1B[39m 
{\n'[39m +
    [32m'  \x1B[35mconst\x1B[39m actual \x1B[33m=\x1B[39m \x1B[35mawait\x1B[39m \x1B[34mimportOriginal\x1B[39m()\n'[39m +
    [32m'  \x1B[35mreturn\x1B[39m {\n'[39m +
    [32m'    \x1B[33m...\x1B[39mactual\x1B[33m,\x1B[39m\n'[39m +
    [32m'    \x1B[90m// your mocked methods\x1B[39m\n'[39m +
    [32m'  }\n'[39m +
    [32m'})'[39m
}
Erro ao carregar permiss├Áes: Error: Usu├írio n├úo encontrado
    at HierarchyService.calculateHierarchyPath [90m(C:\Users\gabriela\Documents\projetoKamban\[39mservices\HierarchyService.ts:29:22[90m)[39m
[90m    at processTicksAndRejections (node:internal/process/task_queues:103:5)[39m
    at loadPermissions [90m(C:\Users\gabriela\Documents\projetoKamban\[39mApp.tsx:119:27[90m)[39m

[90mstderr[2m | tests/unit/App.test.tsx[2m > [22m[2mApp[2m > [22m[2mhandles admin actions and modals
[22m[39mErro ao buscar usu├írio: Error: [vitest] No "getDoc" export is defined on the "firebase/firestore" mock. Did you forget to return it from "vi.mock"?
If you need to partially mock a module, you can use "importOriginal" helper inside:

    at VitestMocker.createError [90m(file:///C:/Users/gabriela/Documents/projetoKamban/[39mnode_modules/[4mvitest[24m/dist/chunks/execute.2pr0rHgK.js:321:19[90m)[39m
    at Object.get [90m(file:///C:/Users/gabriela/Documents/projetoKamban/[39mnode_modules/[4mvitest[24m/dist/chunks/execute.2pr0rHgK.js:389:22[90m)[39m
    at AuthorizationService.getUser [90m(C:\Users\gabriela\Documents\projetoKamban\[39mservices\AuthorizationService.ts:460:29[90m)[39m
    at AuthorizationService.getUserPermissions [90m(C:\Users\gabriela\Documents\projetoKamban\[39mservices\AuthorizationService.ts:25:29[90m)[39m
    at loadPermissions [90m(C:\Users\gabriela\Documents\projetoKamban\[39mApp.tsx:115:50[90m)[39m
    at [90mC:\Users\gabriela\Documents\projetoKamban\[39mApp.tsx:128:5
    at Object.react_stack_bottom_frame [90m(C:\Users\gabriela\Documents\projetoKamban\[39mnode_modules\[4mreact-dom[24m\cjs\react-dom-client.development.js:25989:20[90m)[39m
    at runWithFiberInDEV [90m(C:\Users\gabriela\Documents\projetoKamban\[39mnode_modules\[4mreact-dom[24m\cjs\react-dom-client.development.js:874:13[90m)[39m
    at commitHookEffectListMount [90m(C:\Users\gabriela\Documents\projetoKamban\[39mnode_modules\[4mreact-dom[24m\cjs\react-dom-client.development.js:13249:29[90m)[39m
    at commitHookPassiveMountEffects [90m(C:\Users\gabriela\Documents\projetoKamban\[39mnode_modules\[4mreact-dom[24m\cjs\react-dom-client.development.js:13336:11[90m)[39m {
  codeFrame: [32m'vi\x1B[33m.\x1B[39m\x1B[34mmock\x1B[39m(\x1B[35mimport\x1B[39m(\x1B[32m"firebase/firestore"\x1B[39m)\x1B[33m,\x1B[39m \x1B[35masync\x1B[39m (importOriginal) \x1B[33m=>\x1B[39m 
{\n'[39m +
    [32m'  \x1B[35mconst\x1B[39m actual \x1B[33m=\x1B[39m \x1B[35mawait\x1B[39m \x1B[34mimportOriginal\x1B[39m()\n'[39m +
    [32m'  \x1B[35mreturn\x1B[39m {\n'[39m +
    [32m'    \x1B[33m...\x1B[39mactual\x1B[33m,\x1B[39m\n'[39m +
    [32m'    \x1B[90m// your mocked methods\x1B[39m\n'[39m +
    [32m'  }\n'[39m +
    [32m'})'[39m
}
Erro ao buscar usu├írio: Error: [vitest] No "getDoc" export is defined on the "firebase/firestore" mock. Did you forget to return it from "vi.mock"?
If you need to partially mock a module, you can use "importOriginal" helper inside:

    at VitestMocker.createError [90m(file:///C:/Users/gabriela/Documents/projetoKamban/[39mnode_modules/[4mvitest[24m/dist/chunks/execute.2pr0rHgK.js:321:19[90m)[39m
    at Object.get [90m(file:///C:/Users/gabriela/Documents/projetoKamban/[39mnode_modules/[4mvitest[24m/dist/chunks/execute.2pr0rHgK.js:389:22[90m)[39m
    at HierarchyService.getUser [90m(C:\Users\gabriela\Documents\projetoKamban\[39mservices\HierarchyService.ts:374:29[90m)[39m
    at HierarchyService.calculateHierarchyPath [90m(C:\Users\gabriela\Documents\projetoKamban\[39mservices\HierarchyService.ts:28:29[90m)[39m
    at loadPermissions [90m(C:\Users\gabriela\Documents\projetoKamban\[39mApp.tsx:119:50[90m)[39m
[90m    at processTicksAndRejections (node:internal/process/task_queues:103:5)[39m {
  codeFrame: [32m'vi\x1B[33m.\x1B[39m\x1B[34mmock\x1B[39m(\x1B[35mimport\x1B[39m(\x1B[32m"firebase/firestore"\x1B[39m)\x1B[33m,\x1B[39m \x1B[35masync\x1B[39m (importOriginal) \x1B[33m=>\x1B[39m 
{\n'[39m +
    [32m'  \x1B[35mconst\x1B[39m actual \x1B[33m=\x1B[39m \x1B[35mawait\x1B[39m \x1B[34mimportOriginal\x1B[39m()\n'[39m +
    [32m'  \x1B[35mreturn\x1B[39m {\n'[39m +
    [32m'    \x1B[33m...\x1B[39mactual\x1B[33m,\x1B[39m\n'[39m +
    [32m'    \x1B[90m// your mocked methods\x1B[39m\n'[39m +
    [32m'  }\n'[39m +
    [32m'})'[39m
}
Erro ao carregar permiss├Áes: Error: Usu├írio n├úo encontrado
    at HierarchyService.calculateHierarchyPath [90m(C:\Users\gabriela\Documents\projetoKamban\[39mservices\HierarchyService.ts:29:22[90m)[39m
[90m    at processTicksAndRejections (node:internal/process/task_queues:103:5)[39m
    at loadPermissions [90m(C:\Users\gabriela\Documents\projetoKamban\[39mApp.tsx:119:27[90m)[39m

[90mstderr[2m | tests/unit/App.test.tsx[2m > [22m[2mApp[2m > [22m[2mblocks completion when checklist is incomplete
[22m[39mErro ao buscar usu├írio: Error: [vitest] No "getDoc" export is defined on the "firebase/firestore" mock. Did you forget to return it from "vi.mock"?
If you need to partially mock a module, you can use "importOriginal" helper inside:

    at VitestMocker.createError [90m(file:///C:/Users/gabriela/Documents/projetoKamban/[39mnode_modules/[4mvitest[24m/dist/chunks/execute.2pr0rHgK.js:321:19[90m)[39m
    at Object.get [90m(file:///C:/Users/gabriela/Documents/projetoKamban/[39mnode_modules/[4mvitest[24m/dist/chunks/execute.2pr0rHgK.js:389:22[90m)[39m
    at AuthorizationService.getUser [90m(C:\Users\gabriela\Documents\projetoKamban\[39mservices\AuthorizationService.ts:460:29[90m)[39m
    at AuthorizationService.getUserPermissions [90m(C:\Users\gabriela\Documents\projetoKamban\[39mservices\AuthorizationService.ts:25:29[90m)[39m
    at loadPermissions [90m(C:\Users\gabriela\Documents\projetoKamban\[39mApp.tsx:115:50[90m)[39m
    at [90mC:\Users\gabriela\Documents\projetoKamban\[39mApp.tsx:128:5
    at Object.react_stack_bottom_frame [90m(C:\Users\gabriela\Documents\projetoKamban\[39mnode_modules\[4mreact-dom[24m\cjs\react-dom-client.development.js:25989:20[90m)[39m
    at runWithFiberInDEV [90m(C:\Users\gabriela\Documents\projetoKamban\[39mnode_modules\[4mreact-dom[24m\cjs\react-dom-client.development.js:874:13[90m)[39m
    at commitHookEffectListMount [90m(C:\Users\gabriela\Documents\projetoKamban\[39mnode_modules\[4mreact-dom[24m\cjs\react-dom-client.development.js:13249:29[90m)[39m
    at commitHookPassiveMountEffects [90m(C:\Users\gabriela\Documents\projetoKamban\[39mnode_modules\[4mreact-dom[24m\cjs\react-dom-client.development.js:13336:11[90m)[39m {
  codeFrame: [32m'vi\x1B[33m.\x1B[39m\x1B[34mmock\x1B[39m(\x1B[35mimport\x1B[39m(\x1B[32m"firebase/firestore"\x1B[39m)\x1B[33m,\x1B[39m \x1B[35masync\x1B[39m (importOriginal) \x1B[33m=>\x1B[39m 
{\n'[39m +
    [32m'  \x1B[35mconst\x1B[39m actual \x1B[33m=\x1B[39m \x1B[35mawait\x1B[39m \x1B[34mimportOriginal\x1B[39m()\n'[39m +
    [32m'  \x1B[35mreturn\x1B[39m {\n'[39m +
    [32m'    \x1B[33m...\x1B[39mactual\x1B[33m,\x1B[39m\n'[39m +
    [32m'    \x1B[90m// your mocked methods\x1B[39m\n'[39m +
    [32m'  }\n'[39m +
    [32m'})'[39m
}
Erro ao buscar usu├írio: Error: [vitest] No "getDoc" export is defined on the "firebase/firestore" mock. Did you forget to return it from "vi.mock"?
If you need to partially mock a module, you can use "importOriginal" helper inside:

    at VitestMocker.createError [90m(file:///C:/Users/gabriela/Documents/projetoKamban/[39mnode_modules/[4mvitest[24m/dist/chunks/execute.2pr0rHgK.js:321:19[90m)[39m
    at Object.get [90m(file:///C:/Users/gabriela/Documents/projetoKamban/[39mnode_modules/[4mvitest[24m/dist/chunks/execute.2pr0rHgK.js:389:22[90m)[39m
    at HierarchyService.getUser [90m(C:\Users\gabriela\Documents\projetoKamban\[39mservices\HierarchyService.ts:374:29[90m)[39m
    at HierarchyService.calculateHierarchyPath [90m(C:\Users\gabriela\Documents\projetoKamban\[39mservices\HierarchyService.ts:28:29[90m)[39m
    at loadPermissions [90m(C:\Users\gabriela\Documents\projetoKamban\[39mApp.tsx:119:50[90m)[39m
[90m    at processTicksAndRejections (node:internal/process/task_queues:103:5)[39m {
  codeFrame: [32m'vi\x1B[33m.\x1B[39m\x1B[34mmock\x1B[39m(\x1B[35mimport\x1B[39m(\x1B[32m"firebase/firestore"\x1B[39m)\x1B[33m,\x1B[39m \x1B[35masync\x1B[39m (importOriginal) \x1B[33m=>\x1B[39m 
{\n'[39m +
    [32m'  \x1B[35mconst\x1B[39m actual \x1B[33m=\x1B[39m \x1B[35mawait\x1B[39m \x1B[34mimportOriginal\x1B[39m()\n'[39m +
    [32m'  \x1B[35mreturn\x1B[39m {\n'[39m +
    [32m'    \x1B[33m...\x1B[39mactual\x1B[33m,\x1B[39m\n'[39m +
    [32m'    \x1B[90m// your mocked methods\x1B[39m\n'[39m +
    [32m'  }\n'[39m +
    [32m'})'[39m
}
Erro ao carregar permiss├Áes: Error: Usu├írio n├úo encontrado
    at HierarchyService.calculateHierarchyPath [90m(C:\Users\gabriela\Documents\projetoKamban\[39mservices\HierarchyService.ts:29:22[90m)[39m
[90m    at processTicksAndRejections (node:internal/process/task_queues:103:5)[39m
    at loadPermissions [90m(C:\Users\gabriela\Documents\projetoKamban\[39mApp.tsx:119:27[90m)[39m
 [32mÔ£ô[39m tests/unit/App.test.tsx [2m([22m[2m8 tests[22m[2m)[22m[33m 523[2mms[22m[39m

[90mstderr[2m | tests/unit/App.test.tsx[2m > [22m[2mApp[2m > [22m[2mcompletes task when checklist is done
[22m[39mErro ao buscar usu├írio: Error: [vitest] No "getDoc" export is defined on the "firebase/firestore" mock. Did you forget to return it from "vi.mock"?
If you need to partially mock a module, you can use "importOriginal" helper inside:

    at VitestMocker.createError [90m(file:///C:/Users/gabriela/Documents/projetoKamban/[39mnode_modules/[4mvitest[24m/dist/chunks/execute.2pr0rHgK.js:321:19[90m)[39m
    at Object.get [90m(file:///C:/Users/gabriela/Documents/projetoKamban/[39mnode_modules/[4mvitest[24m/dist/chunks/execute.2pr0rHgK.js:389:22[90m)[39m
    at AuthorizationService.getUser [90m(C:\Users\gabriela\Documents\projetoKamban\[39mservices\AuthorizationService.ts:460:29[90m)[39m
    at AuthorizationService.getUserPermissions [90m(C:\Users\gabriela\Documents\projetoKamban\[39mservices\AuthorizationService.ts:25:29[90m)[39m
    at loadPermissions [90m(C:\Users\gabriela\Documents\projetoKamban\[39mApp.tsx:115:50[90m)[39m
    at [90mC:\Users\gabriela\Documents\projetoKamban\[39mApp.tsx:128:5
    at Object.react_stack_bottom_frame [90m(C:\Users\gabriela\Documents\projetoKamban\[39mnode_modules\[4mreact-dom[24m\cjs\react-dom-client.development.js:25989:20[90m)[39m
    at runWithFiberInDEV [90m(C:\Users\gabriela\Documents\projetoKamban\[39mnode_modules\[4mreact-dom[24m\cjs\react-dom-client.development.js:874:13[90m)[39m
    at commitHookEffectListMount [90m(C:\Users\gabriela\Documents\projetoKamban\[39mnode_modules\[4mreact-dom[24m\cjs\react-dom-client.development.js:13249:29[90m)[39m
    at commitHookPassiveMountEffects [90m(C:\Users\gabriela\Documents\projetoKamban\[39mnode_modules\[4mreact-dom[24m\cjs\react-dom-client.development.js:13336:11[90m)[39m {
  codeFrame: [32m'vi\x1B[33m.\x1B[39m\x1B[34mmock\x1B[39m(\x1B[35mimport\x1B[39m(\x1B[32m"firebase/firestore"\x1B[39m)\x1B[33m,\x1B[39m \x1B[35masync\x1B[39m (importOriginal) \x1B[33m=>\x1B[39m 
{\n'[39m +
    [32m'  \x1B[35mconst\x1B[39m actual \x1B[33m=\x1B[39m \x1B[35mawait\x1B[39m \x1B[34mimportOriginal\x1B[39m()\n'[39m +
    [32m'  \x1B[35mreturn\x1B[39m {\n'[39m +
    [32m'    \x1B[33m...\x1B[39mactual\x1B[33m,\x1B[39m\n'[39m +
    [32m'    \x1B[90m// your mocked methods\x1B[39m\n'[39m +
    [32m'  }\n'[39m +
    [32m'})'[39m
}
Erro ao buscar usu├írio: Error: [vitest] No "getDoc" export is defined on the "firebase/firestore" mock. Did you forget to return it from "vi.mock"?
If you need to partially mock a module, you can use "importOriginal" helper inside:

    at VitestMocker.createError [90m(file:///C:/Users/gabriela/Documents/projetoKamban/[39mnode_modules/[4mvitest[24m/dist/chunks/execute.2pr0rHgK.js:321:19[90m)[39m
    at Object.get [90m(file:///C:/Users/gabriela/Documents/projetoKamban/[39mnode_modules/[4mvitest[24m/dist/chunks/execute.2pr0rHgK.js:389:22[90m)[39m
    at HierarchyService.getUser [90m(C:\Users\gabriela\Documents\projetoKamban\[39mservices\HierarchyService.ts:374:29[90m)[39m
    at HierarchyService.calculateHierarchyPath [90m(C:\Users\gabriela\Documents\projetoKamban\[39mservices\HierarchyService.ts:28:29[90m)[39m
    at loadPermissions [90m(C:\Users\gabriela\Documents\projetoKamban\[39mApp.tsx:119:50[90m)[39m
[90m    at processTicksAndRejections (node:internal/process/task_queues:103:5)[39m {
  codeFrame: [32m'vi\x1B[33m.\x1B[39m\x1B[34mmock\x1B[39m(\x1B[35mimport\x1B[39m(\x1B[32m"firebase/firestore"\x1B[39m)\x1B[33m,\x1B[39m \x1B[35masync\x1B[39m (importOriginal) \x1B[33m=>\x1B[39m 
{\n'[39m +
    [32m'  \x1B[35mconst\x1B[39m actual \x1B[33m=\x1B[39m \x1B[35mawait\x1B[39m \x1B[34mimportOriginal\x1B[39m()\n'[39m +
    [32m'  \x1B[35mreturn\x1B[39m {\n'[39m +
    [32m'    \x1B[33m...\x1B[39mactual\x1B[33m,\x1B[39m\n'[39m +
    [32m'    \x1B[90m// your mocked methods\x1B[39m\n'[39m +
    [32m'  }\n'[39m +
    [32m'})'[39m
}
Erro ao carregar permiss├Áes: Error: Usu├írio n├úo encontrado
    at HierarchyService.calculateHierarchyPath [90m(C:\Users\gabriela\Documents\projetoKamban\[39mservices\HierarchyService.ts:29:22[90m)[39m
[90m    at processTicksAndRejections (node:internal/process/task_queues:103:5)[39m
    at loadPermissions [90m(C:\Users\gabriela\Documents\projetoKamban\[39mApp.tsx:119:27[90m)[39m

 [32mÔ£ô[39m tests/unit/TeamSettingsModal.test.tsx [2m([22m[2m5 tests[22m[2m)[22m[33m 1288[2mms[22m[39m
   [33m[2mÔ£ô[22m[39m TeamSettingsModal[2m > [22madds a member and saves the unit [33m440[2mms[22m[39m
 [32mÔ£ô[39m tests/unit/Organograma.test.tsx [2m([22m[2m11 tests[22m[2m)[22m[90m 202[2mms[22m[39m
 [32mÔ£ô[39m tests/unit/PushNotificationService.test.ts [2m([22m[2m2 tests[22m[2m)[22m[90m 8[2mms[22m[39m
[90mstdout[2m | tests/unit/sw.test.ts[2m > [22m[2mservice worker[2m > [22m[2mregisters and handles install/activate/fetch
[22m[39mLimpando cache legado: old-cache

 [32mÔ£ô[39m tests/unit/sw.test.ts [2m([22m[2m1 test[22m[2m)[22m[90m 38[2mms[22m[39m
 [32mÔ£ô[39m tests/unit/NotificationCenter.test.tsx [2m([22m[2m4 tests[22m[2m)[22m[90m 131[2mms[22m[39m
 [32mÔ£ô[39m tests/unit/FeedbackSection.test.tsx [2m([22m[2m2 tests[22m[2m)[22m[33m 329[2mms[22m[39m
 [32mÔ£ô[39m tests/unit/PermissionsDashboard.test.tsx [2m([22m[2m8 tests[22m[2m)[22m[33m 521[2mms[22m[39m
 [32mÔ£ô[39m tests/unit/retentionPolicy.test.ts [2m([22m[2m4 tests[22m[2m)[22m[90m 10[2mms[22m[39m
 [32mÔ£ô[39m tests/unit/TaskService.test.ts [2m([22m[2m11 tests[22m[2m)[22m[90m 14[2mms[22m[39m
 [32mÔ£ô[39m tests/unit/NewTaskModal.test.tsx [2m([22m[2m2 tests[22m[2m)[22m[33m 324[2mms[22m[39m
 [32mÔ£ô[39m tests/unit/ReportsSection.test.tsx [2m([22m[2m2 tests[22m[2m)[22m[90m 291[2mms[22m[39m
 [32mÔ£ô[39m tests/unit/TaskCard.test.tsx [2m([22m[2m2 tests[22m[2m)[22m[90m 206[2mms[22m[39m
 [32mÔ£ô[39m tests/unit/AdminStats.test.tsx [2m([22m[2m1 test[22m[2m)[22m[90m 77[2mms[22m[39m
 [32mÔ£ô[39m tests/unit/UserTicketCreation.test.tsx [2m([22m[2m4 tests[22m[2m)[22m[90m 215[2mms[22m[39m
 [32mÔ£ô[39m tests/unit/AuthorizationService.test.ts [2m([22m[2m7 tests[22m[2m)[22m[90m 8[2mms[22m[39m
 [32mÔ£ô[39m tests/unit/CompleteTaskModal.test.tsx [2m([22m[2m1 test[22m[2m)[22m[90m 221[2mms[22m[39m
 [32mÔ£ô[39m tests/unit/TeamBoard.test.tsx [2m([22m[2m2 tests[22m[2m)[22m[90m 146[2mms[22m[39m
 [32mÔ£ô[39m tests/unit/firebase.test.ts [2m([22m[2m1 test[22m[2m)[22m[90m 8[2mms[22m[39m
 [32mÔ£ô[39m tests/unit/MyTickets.test.tsx [2m([22m[2m3 tests[22m[2m)[22m[90m 97[2mms[22m[39m
 [32mÔ£ô[39m tests/unit/ConfirmationModal.test.tsx [2m([22m[2m2 tests[22m[2m)[22m[90m 186[2mms[22m[39m
 [32mÔ£ô[39m tests/unit/KanbanBoard.test.tsx [2m([22m[2m1 test[22m[2m)[22m[90m 71[2mms[22m[39m
 [32mÔ£ô[39m tests/unit/HierarchyService.test.ts [2m([22m[2m6 tests[22m[2m)[22m[90m 10[2mms[22m[39m
 [32mÔ£ô[39m tests/unit/utils.test.ts [2m([22m[2m3 tests[22m[2m)[22m[90m 6[2mms[22m[39m
 [32mÔ£ô[39m tests/unit/index.test.tsx [2m([22m[2m1 test[22m[2m)[22m[90m 14[2mms[22m[39m
 [32mÔ£ô[39m tests/unit/playwright.config.test.ts [2m([22m[2m1 test[22m[2m)[22m[90m 3[2mms[22m[39m

[2m Test Files [22m [1m[32m35 passed[39m[22m[90m (35)[39m
[2m      Tests [22m [1m[32m182 passed[39m[22m[90m (182)[39m
[2m   Start at [22m 16:15:17
[2m   Duration [22m 9.35s[2m (transform 2.05s, setup 12.30s, collect 7.45s, tests 8.31s, environment 38.08s, prepare 6.26s)[22m

